// Jest Snapshot v1, https://goo.gl/fbAQLP

exports[`Header component matches a snapshot 1`] = `
<header
  className="sc-bwzfXH jdLVsO"
>
  <h1
    className="sc-htpNat hHwDue"
  >
    Chirp
  </h1>
</header>
`;
