// Jest Snapshot v1, https://goo.gl/fbAQLP

exports[`App component matches a snapshot 1`] = `
Array [
  <header
    className="sc-bwzfXH jdLVsO"
  >
    <h1
      className="sc-htpNat hHwDue"
    >
      Chirp
    </h1>
  </header>,
  <form
    className="sc-ifAKCX coNtEK"
  >
    <label
      className="sc-EHOje kYkHpN"
      htmlFor="handle"
    >
      Chirp handle
    </label>
    <input
      className="sc-bZQynM hfwKph"
      id="handle"
      name="handle"
      readOnly={true}
      type="text"
      value="handle"
    />
    <label
      className="sc-EHOje kYkHpN"
      htmlFor="password"
    >
      password
    </label>
    <input
      className="sc-bZQynM hfwKph"
      id="password"
      name="password"
      readOnly={true}
      type="password"
      value="password"
    />
    <label
      className="sc-EHOje kYkHpN"
      htmlFor="sign-in"
    />
    <button
      className="sc-gzVnrw hkbkeK"
      id="sign-in"
    >
      Sign In
    </button>
    <a
      className="sc-bdVaJa cVFclJ"
      href="/signup"
      onClick={[Function]}
    >
      <p
        className="sc-htoDjs kQfXqe"
      >
        Not a User?
      </p>
    </a>
  </form>,
]
`;
